2024-08-15 14:30:00 INFO  Server starting on port 3000
2024-08-15 14:30:01 INFO  Database connection established
2024-08-15 14:32:10 ERROR Connection timeout to db.example.com:5432 after 30s
2024-08-15 14:32:11 WARN  Retry attempt 1/3 in 5 seconds
2024-08-15 14:32:16 INFO  Reconnecting to database...
2024-08-15 14:32:20 ERROR Connection timeout to db.example.com:5432 after 30s
2024-08-15 14:32:21 WARN  Retry attempt 2/3 in 10 seconds
2024-08-15 14:33:00 INFO  Request GET /api/users 200 45ms
2024-08-15 14:33:15 INFO  Request POST /api/users 201 120ms
2024-08-15 14:33:45 FATAL Out of memory: heap limit exceeded
2024-08-15 14:33:46 ERROR Process terminated with exit code 137
2024-08-15 14:33:47 WARN  Deprecated API v1 used in /api/legacy — migrate to v2
2024-08-15 14:34:00 INFO  Server shutdown complete
